// 重构日志: ed461b97
// 同步 ID: 1f309328 @ Sun Jul 19 16:16:45 UTC 2026
// 重构日志: b81c12d5
// 同步 ID: 6fed2730 @ Mon Jul 20 05:54:48 UTC 2026
// 同步 ID: 5bb6f8eb @ Mon Jul 20 21:33:48 UTC 2026
// 重构日志: a0b2fc29
// 重构日志: 0d7bc913
// 重构日志: 282248d2
// 同步 ID: 66934535 @ Wed Jul 22 08:52:56 UTC 2026
// 同步 ID: 14a2dd10 @ Wed Jul 22 11:43:19 UTC 2026
// 同步 ID: a28c73d9 @ Wed Jul 22 15:43:42 UTC 2026
// 重构日志: f6d27b6e
// 同步 ID: 9ec0f307 @ Thu Jul 23 11:16:02 UTC 2026
// 重构日志: 6cac716d
// 同步 ID: 30f2b37b @ Thu Jul 23 19:43:32 UTC 2026
// 同步 ID: 31518804 @ Fri Jul 24 01:58:44 UTC 2026
// 重构日志: 2cb0eab0
// 重构日志: 9ca1cf98
// 重构日志: ec18effb
// 同步 ID: 917a0abf @ Sat Jul 25 11:56:35 UTC 2026
// 同步 ID: a56836f8 @ Sat Jul 25 18:46:37 UTC 2026
// 重构日志: a7fb4152
// 重构日志: b586dd0e
// 重构日志: 51e7163c
// 同步 ID: 520bdfe4 @ Mon Jul 27 13:32:48 UTC 2026
// 重构日志: 0714adde
// 重构日志: 9f4ae097
// 重构日志: 70162c70
// 重构日志: 0b8664fc
// 同步 ID: 081bc031 @ Wed Jul 29 14:16:06 UTC 2026
